// Jest Snapshot v1, https://goo.gl/fbAQLP

exports[`(Container) OasisTokenWrapForm should render 1`] = `
<form>
  <table>
    <tbody>
      <tr>
        <th>
          Amount
        </th>
        <td>
          <div>
            <OasisButton
              btnType="button"
              color="default"
              onClick={[Function]}
              size="xs"
              type="button"
            >
              wrap max
            </OasisButton>
            <Field
              autoComplete="off"
              component="input"
              format={[Function]}
              name="amount"
              normalize={[Function]}
              onChange={[Function]}
              onClick={[Function]}
              onFocus={[Function]}
              onMouseDown={[Function]}
              placeholder={0}
              required={true}
              style={
                Object {
                  "textAlign": "right",
                  "width": "100%",
                }
              }
              type="text"
              validate={[Function]}
            />
          </div>
        </td>
        <td />
      </tr>
    </tbody>
  </table>
  <div>
    <OasisTransactionStatusWrapperInfoBox
      infoText={
        <div>
          Wrap
           
          <b>
             
          </b>
        </div>
      }
      localStatus="TX/STATUS_AWAITING_CONFIRMATION"
      txStatus="TX/STATUS_AWAITING_CONFIRMATION"
      txTimestamp={1}
      txType="TX/GROUP__WRAP_UNWRAP/WRAP"
    />
  </div>
  <div>
    <OasisButton
      btnType="button"
      color="default"
      disabled={true}
      size="md"
      type="submit"
    >
      Wrap
    </OasisButton>
  </div>
</form>
`;

exports[`(Container) OasisTokenWrapForm will receive right actions 1`] = `
Object {
  "actions": Object {
    "setWrapMax": [Function],
  },
}
`;

exports[`(Container) OasisTokenWrapForm will receive right props 1`] = `
Object {
  "activeUnwrappedTokenBalance": "0",
  "wrapTokenAmount": undefined,
}
`;
