// Jest Snapshot v1, https://goo.gl/fbAQLP

exports[`(Container) OasisTrade should render 1`] = `
<main>
  <OasisMarkets />
</main>
`;

exports[`(Container) OasisTrade will receive right actions 1`] = `
Object {
  "actions": Object {
    "setActiveTokenPair": [Function],
  },
}
`;

exports[`(Container) OasisTrade will receive right props 1`] = `
Object {
  "validBaseTokensList": Immutable.List [
    "W-GNT",
    "DGD",
    "REP",
    "ICN",
    "1ST",
    "SNGLS",
    "VSL",
    "PLU",
    "MLN",
    "RHOC",
    "TIME",
    "GUP",
    "BAT",
    "NMR",
],
  "validQuoteTokensList": Immutable.List [
    "W-ETH",
],
}
`;
