// Jest Snapshot v1, https://goo.gl/fbAQLP

exports[`(Container) OasisTokenSelect should render 1`] = `
<OasisSelect
  onChange={[Function]}
  size="md"
  value="MKR"
>
  <option
    key="1ST"
    value="1ST"
  >
    1ST
  </option>
  <option
    key="BAT"
    value="BAT"
  >
    BAT
  </option>
  <option
    key="DGD"
    value="DGD"
  >
    DGD
  </option>
  <option
    key="GUP"
    value="GUP"
  >
    GUP
  </option>
  <option
    key="ICN"
    value="ICN"
  >
    ICN
  </option>
  <option
    key="MKR"
    value="MKR"
  >
    MKR
  </option>
  <option
    key="MLN"
    value="MLN"
  >
    MLN
  </option>
  <option
    key="NMR"
    value="NMR"
  >
    NMR
  </option>
  <option
    key="PLU"
    value="PLU"
  >
    PLU
  </option>
  <option
    key="REP"
    value="REP"
  >
    REP
  </option>
  <option
    key="RHOC"
    value="RHOC"
  >
    RHOC
  </option>
  <option
    key="SAI"
    value="SAI"
  >
    SAI
  </option>
  <option
    key="SNGLS"
    value="SNGLS"
  >
    SNGLS
  </option>
  <option
    key="TIME"
    value="TIME"
  >
    TIME
  </option>
  <option
    key="VSL"
    value="VSL"
  >
    VSL
  </option>
  <option
    key="W-ETH"
    value="W-ETH"
  >
    W-ETH
  </option>
  <option
    key="W-GNT"
    value="W-GNT"
  >
    W-GNT
  </option>
</OasisSelect>
`;

exports[`(Container) OasisTokenSelect will receive right actions 1`] = `
Object {
  "actions": Object {
    "registerComponent": [Function],
    "tokenSelected": [Function],
    "unregisterComponent": [Function],
  },
}
`;

exports[`(Container) OasisTokenSelect will receive right props 1`] = `
Object {
  "defaultToken": "MKR",
  "selected": undefined,
  "tokens": Immutable.OrderedSet [
    "1ST",
    "BAT",
    "DGD",
    "GUP",
    "ICN",
    "MKR",
    "MLN",
    "NMR",
    "PLU",
    "REP",
    "RHOC",
    "SAI",
    "SNGLS",
    "TIME",
    "VSL",
    "W-ETH",
    "W-GNT",
],
}
`;
