// Jest Snapshot v1, https://goo.gl/fbAQLP

exports[`(Container) OasisTradeOrders should render 1`] = `
<FlexBox
  alignContent="stretch"
  alignItems="stretch"
  className=""
  justifyContent="normal"
  vertical={false}
  wrap={true}
>
  <div>
    <Connect(OasisTakeOfferModal)
      offerTakeType="OFFER_TAKES/TAKE_SELL_OFFER"
    />
  </div>
  <OasisBuyOrders
    activeTradingPair={
      Object {
        "baseToken": "MKR",
        "quoteToken": "DAI",
      }
    }
    buyOffers={
      Immutable.List [
      ]
    }
    cancelOffer={[Function]}
    loadingBuyOffers={true}
    onCheckOfferIsActive={[Function]}
    onResetCompletedOfferCheck={[Function]}
    onSetActiveOfferTakeOfferId={[Function]}
    onSetOfferTakeModalOpen={[Function]}
  />
  <OasisSellOrders
    activeTradingPair={
      Object {
        "baseToken": "MKR",
        "quoteToken": "DAI",
      }
    }
    cancelOffer={[Function]}
    loadingSellOffers={true}
    onCheckOfferIsActive={[Function]}
    onResetCompletedOfferCheck={[Function]}
    onSetActiveOfferTakeOfferId={[Function]}
    onSetOfferTakeModalOpen={[Function]}
    sellOffers={
      Immutable.List [
      ]
    }
  />
  <Connect(OasisMyOrdersContainer) />
  <OasisMarketHistory
    activeNetworkName="kovan"
    activeTradingPair={
      Object {
        "baseToken": "MKR",
        "quoteToken": "DAI",
      }
    }
    initialMarketHistoryLoaded={true}
    trades={
      Immutable.List [
      ]
    }
  />
</FlexBox>
`;

exports[`(Container) OasisTradeOrders will receive right actions 1`] = `
Object {
  "actions": Object {
    "cancelOffer": [Function],
    "checkOfferIsActive": [Function],
    "fetchAndSubscribeUserTradesHistory": [Function],
    "removeOrderCancelledByTheOwner": [Function],
    "resetCompletedOfferCheck": [Function],
    "setActiveOfferTakeOfferId": [Function],
    "setOfferTakeModalOpen": [Function],
  },
}
`;

exports[`(Container) OasisTradeOrders will receive right props 1`] = `
Object {
  "activeNetworkName": "kovan",
  "activeOfferTakeType": "OFFER_TAKES/TAKE_SELL_OFFER",
  "activeTradingPair": Object {
    "baseToken": "MKR",
    "quoteToken": "DAI",
  },
  "buyOfferCount": undefined,
  "buyOffers": Immutable.List [
],
  "defaultAccount": "0x0000000000000000000000000000000000000000",
  "initialMarketHistoryLoaded": true,
  "isOfferTakeModalOpen": true,
  "loadingBuyOffers": true,
  "loadingSellOffers": true,
  "loadingUserMarketHistory": false,
  "marketData": Immutable.List [
],
  "sellOfferCount": undefined,
  "sellOffers": Immutable.List [
],
  "tokenTrades": Immutable.List [
],
  "userTrades": Immutable.List [
],
}
`;
