// Jest Snapshot v1, https://goo.gl/fbAQLP

exports[`(Container) OasisHeader should render 1`] = `
<div
  className="row"
  styleName="headerMainSection"
>
  <div
    className="col-lg-6"
    styleName="leftColumn"
  >
    <div
      className="row"
    >
      <div
        className="col-3 col-sm-3"
      >
        <OasisLogo />
      </div>
      <div
        className="col-9"
        styleName="infoSection"
      >
        <div
          className="row"
        >
          <div
            className="col-6"
          >
            <Connect(OasisAppLoadProgress) />
          </div>
          <div
            className="col-6"
          >
            <OasisExpirationDate
              timestamp={1536662916}
            />
          </div>
        </div>
      </div>
    </div>
  </div>
  <div
    className="col-lg-6"
  >
    <div
      className="row"
      styleName="row"
    >
      <div
        className="col-12"
      >
        <OasisAccount
          accounts={
            Immutable.List [
              "0x777f9200d6ccdde25b79e1ba028d6fb12637f765",
            ]
          }
        />
      </div>
    </div>
    <div
      className="row"
      styleName="row"
    >
      <div
        className="col-sm-12"
      >
        <OasisMarket
          marketAddress="0x3aa927a97594c3ab7d7bf0d47c71c3877d1de4a1"
          networkName="main"
        />
      </div>
    </div>
  </div>
</div>
`;

exports[`(Container) OasisHeader will receive right actions 1`] = `
Object {
  "actions": Object {},
}
`;

exports[`(Container) OasisHeader will receive right props 1`] = `
Object {
  "accounts": Immutable.List [
    "0x777f9200d6ccdde25b79e1ba028d6fb12637f765",
],
  "defaultAccount": "0x777f9200d6ccdde25b79e1ba028d6fb12637f765",
  "marketAddress": "0x3aa927a97594c3ab7d7bf0d47c71c3877d1de4a1",
  "marketCloseTime": 1536662916,
  "networkName": "main",
}
`;
