// Jest Snapshot v1, https://goo.gl/fbAQLP

exports[`(Container) OasisTakeOfferModal should render 1`] = `
<Modal
  ariaHideApp={false}
  bodyOpenClassName="ReactModal__Body--open"
  closeTimeoutMS={0}
  isOpen={true}
  parentSelector={[Function]}
  portalClassName="ReactModalPortal"
  shouldCloseOnEsc={true}
  shouldCloseOnOverlayClick={true}
  shouldFocusAfterRender={true}
  shouldReturnFocusAfterClose={true}
>
  <h4>
    Buy offer
  </h4>
  <button
    onClick={[Function]}
  >
    ×
  </button>
  <OasisTokenBalance
    className=""
    summary="Available"
  />
  <Connect(ReduxForm) />
  <div
    className="statusSection"
  >
    <Connect(WithTransactionWatchWrapper)
      amountReceived="0.01110"
      amountSold="0.00010"
      hasSufficientTokenAmount={false}
      isTransactionValid={true}
      offerId="12"
      transactionSubectType="TRANSACTIONS/GROUP__OFFERS/OFFER_TAKE"
    />
  </div>
  <Connect(SetTokenAllowanceTrust) />
  <div>
    <OasisButton
      btnType="button"
      color="default"
      onClick={[Function]}
      size="md"
    >
      Cancel
    </OasisButton>
    <div
      className="notificationsSection"
    />
    <OasisButton
      btnType="button"
      color="default"
      disabled={true}
      onClick={[Function]}
      size="md"
    >
      Sell undefined
    </OasisButton>
  </div>
</Modal>
`;

exports[`(Container) OasisTakeOfferModal will receive right actions 1`] = `
Object {
  "actions": Object {
    "checkIfOfferIsActive": [Function],
    "setOfferTakeModalClosed": [Function],
    "takeOffer": [Function],
  },
}
`;

exports[`(Container) OasisTakeOfferModal will receive right props 1`] = `
Object {
  "activeOfferTake": Immutable.Map {
},
  "activeOfferTakeOfferId": "12",
  "activeOfferTakeOfferOwner": undefined,
  "activeOfferTakeType": "OFFER_TAKES/TAKE_SELL_OFFER",
  "activeTradingPair": Object {
    "baseToken": "MKR",
    "quoteToken": "DAI",
  },
  "buyToken": undefined,
  "canBuyOffer": false,
  "currentOfferTakeTransaction": undefined,
  "formErrors": Immutable.Map {
},
  "hasSufficientTokenAmount": false,
  "isCurrentOfferActive": true,
  "isCurrentTransactionValid": true,
  "isOfferTakeModalOpen": true,
  "latestBlockNumber": 6716998,
  "offerTakeFormValues": Immutable.Map {
    price: "111",
    volume: "0.0001",
    total: "0.0111",
},
  "sellToken": undefined,
  "userBalances": Immutable.Map {
    DGD: "0",
    GUP: "0",
    W-ETH: "0",
    RHOC: "0",
    DAI: "10000000000000000",
    GNT: "0",
    TIME: "0",
    VSL: "0",
    MLN: "0",
    1ST: "0",
    NMR: "0",
    SNGLS: "0",
    ICN: "0",
    MKR: "0",
    BAT: "0",
    W-GNT: "0",
    PLU: "0",
    SAI: "0",
    REP: "0",
},
}
`;
