// Jest Snapshot v1, https://goo.gl/fbAQLP

exports[`(Container) OasisFooter should render 1`] = `
<div
  className="row undefined "
>
  <div
    key="0"
  >
    <div
      className="row"
    >
      <div>
        <h4>
          OasisDex
        </h4>
        <a
          href="https://github.com/OasisDEX/oasis/issues/new"
          key="0"
          rel="noopener noreferrer"
          target="_blank"
        >
          Report Issues
        </a>
        <a
          href="https://github.com/OasisDEX/oasis/projects/1"
          key="1"
          rel="noopener noreferrer"
          target="_blank"
        >
          Project
        </a>
      </div>
    </div>
  </div>
</div>
`;

exports[`(Container) OasisFooter will receive right actions 1`] = `
Object {
  "actions": Object {},
}
`;

exports[`(Container) OasisFooter will receive right props 1`] = `Object {}`;
