// Jest Snapshot v1, https://goo.gl/fbAQLP

exports[`(Container) OasisFooter should render 1`] = `
<div
  className="row"
>
  <div
    className="col-sm-4"
  />
  <div
    className="col-sm-4"
  />
  <div
    className="col-sm-4"
  />
</div>
`;

exports[`(Container) OasisFooter will receive right actions 1`] = `
Object {
  "actions": Object {},
}
`;

exports[`(Container) OasisFooter will receive right props 1`] = `Object {}`;
