// Jest Snapshot v1, https://goo.gl/fbAQLP

exports[`(Container) OasisHeader should render 1`] = `
<div
  className="OasisHeaderWrapper"
>
  <OasisLogo />
  <OasisStatus />
  <OasisExpirationDate />
  <OasisAccount />
  <OasisMarket />
</div>
`;

exports[`(Container) OasisHeader will receive right actions 1`] = `
Object {
  "actions": Object {},
}
`;

exports[`(Container) OasisHeader will receive right props 1`] = `Object {}`;
