// Jest Snapshot v1, https://goo.gl/fbAQLP

exports[`(Container) OasisTokenTransfer should render 1`] = `
<OasisWidgetFrame
  className=""
  heading="Transfer"
  headingChildren={
    <Connect(OasisTokenSelect)
      disabled={undefined}
      name="tokenTransfer"
      onChange={[Function]}
    />
  }
  spaceForContent={true}
>
  <OasisTokenBalance
    className=""
    decimalPlaces={5}
    summary="Wallet"
    token="MKR"
  />
  <Connect(ReduxForm)
    onFormChange={[Function]}
    onSubmit={[Function]}
    transferState={
      <OasisTransactionStatusWrapperInfoBox
        infoText={
          <div>
            Transfer
            <strong
              className={undefined}
            >
              1.00000
               
              MKR
            </strong>
          </div>
        }
        localStatus={undefined}
        txStatus={undefined}
        txTimestamp={undefined}
        txType="TX/GROUP__TRANSFERS/"
      />
    }
  />
</OasisWidgetFrame>
`;

exports[`(Container) OasisTokenTransfer will receive right actions 1`] = `
Object {
  "actions": Object {
    "makeTransfer": [Function],
    "resetTransferForm": [Function],
  },
}
`;

exports[`(Container) OasisTokenTransfer will receive right props 1`] = `
Object {
  "selectedToken": "MKR",
  "transferFormValues": Object {
    "recipient": "0x0000000000000000000000000000000000000001",
    "token": "W-ETH",
    "tokenAmount": "1",
  },
}
`;
