// Jest Snapshot v1, https://goo.gl/fbAQLP

exports[`(Container) OasisMainContainer should render 1`] = `<div />`;

exports[`(Container) OasisMainContainer will receive right actions 1`] = `
Object {
  "actions": Object {},
}
`;

exports[`(Container) OasisMainContainer will receive right props 1`] = `Object {}`;
