// Jest Snapshot v1, https://goo.gl/fbAQLP

exports[`(Container) OasisAppLoadProgress should render 1`] = `
<OasisStatus
  activeTradingPairOffersInitiallyLoaded={false}
  initialMarketHistoryLoaded={true}
  loadProgress={66.66666666666666}
  name="kovan"
  offersLoadProgress="NaN"
  status="NETWORK/ONLINE"
/>
`;

exports[`(Container) OasisAppLoadProgress will receive right actions 1`] = `
Object {
  "actions": Object {},
}
`;

exports[`(Container) OasisAppLoadProgress will receive right props 1`] = `
Object {
  "activeTradingPairOffersInitiallyLoaded": false,
  "initialMarketHistoryLoaded": true,
  "loadProgress": 66.66666666666666,
  "networkName": "kovan",
  "networkStatus": "NETWORK/ONLINE",
  "offersLoadProgress": "NaN",
}
`;
