// Jest Snapshot v1, https://goo.gl/fbAQLP

exports[`(Container) OasisTransactionStatus should render 1`] = `
<div
  className=""
>
  <TransactionStatus
    noBorder={true}
    transaction={
      Immutable.Map {
        txType: "OFFER_TAKES/TAKE_BUY_OFFER",
      }
    }
  />
</div>
`;

exports[`(Container) OasisTransactionStatus will receive right actions 1`] = `
Object {
  "actions": Object {},
}
`;

exports[`(Container) OasisTransactionStatus will receive right props 1`] = `
Object {
  "transaction": Immutable.Map {
    txStatus: undefined,
},
}
`;
