// Jest Snapshot v1, https://goo.gl/fbAQLP

exports[`(Container) OasisFooter should render 1`] = `
<div
  className="row undefined "
>
  <div
    key="0"
  >
    <div
      className="row"
    >
      <div>
        <a
          href="https://github.com/OasisDEX/oasis-react"
          key="0"
          rel="noopener noreferrer"
          target="_blank"
        >
          Project
        </a>
      </div>
    </div>
  </div>
  <div
    key="1"
  >
    <div
      className="row"
    >
      <div>
        <a
          href="/OasisToS.pdf"
          key="0"
          rel="noopener noreferrer"
          target="_blank"
        >
          Legal
        </a>
      </div>
    </div>
  </div>
  <div
    key="2"
  >
    <div
      className="row"
    >
      <div>
        <a
          href="https://github.com/OasisDEX/oasis-react/issues/new"
          key="0"
          rel="noopener noreferrer"
          target="_blank"
        >
          Report Issues
        </a>
      </div>
    </div>
  </div>
</div>
`;

exports[`(Container) OasisFooter will receive right actions 1`] = `
Object {
  "actions": Object {},
}
`;

exports[`(Container) OasisFooter will receive right props 1`] = `Object {}`;
