// Jest Snapshot v1, https://goo.gl/fbAQLP

exports[`(Container) OasisMainContent should render 1`] = `
<Redirect
  from="/"
  push={false}
  to="/trade"
/>
`;

exports[`(Container) OasisMainContent will receive right actions 1`] = `
Object {
  "actions": Object {},
}
`;

exports[`(Container) OasisMainContent will receive right props 1`] = `
Object {
  "defaultTradingPair": Immutable.Map {
    baseToken: "MKR",
    quoteToken: "W-ETH",
},
}
`;
