// Jest Snapshot v1, https://goo.gl/fbAQLP

exports[`(Container) OasisTradeOrders should render 1`] = `
<div>
  <OasisMarketHistory
    activeTradingPair={
      Immutable.Map {
        baseToken: "MKR",
        quoteToken: "W-ETH",
      }
    }
    trades={Array []}
  />
</div>
`;

exports[`(Container) OasisTradeOrders will receive right actions 1`] = `
Object {
  "actions": Object {},
}
`;

exports[`(Container) OasisTradeOrders will receive right props 1`] = `
Object {
  "activeTradingPair": Immutable.Map {
    baseToken: "MKR",
    quoteToken: "W-ETH",
},
  "initialMarketHistoryLoaded": undefined,
  "marketData": undefined,
}
`;
