// Jest Snapshot v1, https://goo.gl/fbAQLP

exports[`(Container) OasisTokenSelect should render 1`] = `
<OasisSelect
  onChange={[Function]}
  size="md"
  value="MKR"
>
  <option
    key="0"
    value="1ST"
  >
    1ST
  </option>
  <option
    key="1"
    value="BAT"
  >
    BAT
  </option>
  <option
    key="2"
    value="DAI"
  >
    DAI
  </option>
  <option
    key="3"
    value="DGD"
  >
    DGD
  </option>
  <option
    key="4"
    value="GNT"
  >
    GNT
  </option>
  <option
    key="5"
    value="GUP"
  >
    GUP
  </option>
  <option
    key="6"
    value="ICN"
  >
    ICN
  </option>
  <option
    key="7"
    value="MKR"
  >
    MKR
  </option>
  <option
    key="8"
    value="MLN"
  >
    MLN
  </option>
  <option
    key="9"
    value="NMR"
  >
    NMR
  </option>
  <option
    key="10"
    value="PLU"
  >
    PLU
  </option>
  <option
    key="11"
    value="REP"
  >
    REP
  </option>
  <option
    key="12"
    value="RHOC"
  >
    RHOC
  </option>
  <option
    key="13"
    value="SAI"
  >
    SAI
  </option>
  <option
    key="14"
    value="SNGLS"
  >
    SNGLS
  </option>
  <option
    key="15"
    value="TIME"
  >
    TIME
  </option>
  <option
    key="16"
    value="VSL"
  >
    VSL
  </option>
  <option
    key="17"
    value="W-ETH"
  >
    W-ETH
  </option>
  <option
    key="18"
    value="W-GNT"
  >
    W-GNT
  </option>
</OasisSelect>
`;

exports[`(Container) OasisTokenSelect will receive right actions 1`] = `
Object {
  "actions": Object {
    "registerComponent": [Function],
    "tokenSelected": [Function],
    "unregisterComponent": [Function],
  },
}
`;

exports[`(Container) OasisTokenSelect will receive right props 1`] = `
Object {
  "defaultToken": "MKR",
  "selected": undefined,
  "tokens": Immutable.List [
    "1ST",
    "BAT",
    "DAI",
    "DGD",
    "GNT",
    "GUP",
    "ICN",
    "MKR",
    "MLN",
    "NMR",
    "PLU",
    "REP",
    "RHOC",
    "SAI",
    "SNGLS",
    "TIME",
    "VSL",
    "W-ETH",
    "W-GNT",
],
}
`;
