// Jest Snapshot v1, https://goo.gl/fbAQLP

exports[`(Container) OasisTakeOfferModal should render 1`] = `
<Modal
  ariaHideApp={false}
  bodyOpenClassName="ReactModal__Body--open"
  closeTimeoutMS={0}
  isOpen={true}
  parentSelector={[Function]}
  portalClassName="ReactModalPortal"
  shouldCloseOnEsc={true}
  shouldCloseOnOverlayClick={true}
  shouldFocusAfterRender={true}
  shouldReturnFocusAfterClose={true}
>
  <h4>
    Buy offer
  </h4>
  <button
    onClick={[Function]}
  >
    ×
  </button>
  <OasisTokenBalance
    summary="Available"
    token="W-ETH"
  />
  <div>
    <div>
      <Connect(ReduxForm)
        estimateGas={[Function]}
      />
    </div>
    <div
      className="statusSection"
    >
      <Connect(WithTransactionWatchWrapper)
        amountReceived="0.01110"
        amountSold="0.00010"
        buyToken="MKR"
        getTransactionGasCostEstimate={[Function]}
        hasSufficientTokenAmount={false}
        isTransactionValid={true}
        offerId="7"
        sellToken="W-ETH"
        transactionSubectType="TRANSACTIONS/GROUP__OFFERS/OFFER_TAKE"
      />
    </div>
    <Connect(SetTokenAllowanceTrust)
      allowanceSubjectAddress="0xdb33dfd3d61308c33c63209845dad3e6bfb2c674"
      tokenName="MKR"
    />
    <div>
      <OasisButton
        btnType="button"
        color="default"
        onClick={[Function]}
        size="md"
      >
        Cancel
      </OasisButton>
      <div
        className="notificationsSection"
      />
      <OasisButton
        btnType="button"
        color="default"
        disabled={true}
        onClick={[Function]}
        size="md"
      >
        Sell W-ETH
      </OasisButton>
    </div>
  </div>
</Modal>
`;

exports[`(Container) OasisTakeOfferModal will receive right actions 1`] = `
Object {
  "actions": Object {
    "checkIfOfferIsActive": [Function],
    "getTransactionGasCostEstimate": [Function],
    "setOfferTakeModalClosed": [Function],
    "takeOffer": [Function],
  },
}
`;

exports[`(Container) OasisTakeOfferModal will receive right props 1`] = `
Object {
  "activeOfferTake": Immutable.Map {
    offerData: Immutable.Map {
        buyHowMuch_filter: 1.951718560884e+21,
        buyWhichToken: "W-ETH",
        ask_price: "2",
        sellWhichTokenAddress: "0xaaf64bfcc32d0f15873a02163e7e500671a4ffcd",
        bid_price: "0.5",
        sellHowMuch: "975859280442000000000",
        sellHowMuch_filter: 975859280442000000000,
        sellWhichToken: "MKR",
        buyWhichTokenAddress: "0xd0a1e359811322d97991e03f863a0c30c2cf029c",
        owner: "0xdb33dfd3d61308c33c63209845dad3e6bfb2c674",
        bid_price_sort: 0.5,
        buyHowMuch: "1.951718560884e+21",
        ask_price_sort: 2,
        id: "7",
    },
    buyToken: "MKR",
    sellToken: "W-ETH",
    baseToken: "MKR",
    quoteToken: "W-ETH",
},
  "activeOfferTakeOfferId": "7",
  "activeOfferTakeOfferOwner": "0xdb33dfd3d61308c33c63209845dad3e6bfb2c674",
  "activeOfferTakeType": "OFFER_TAKES/TAKE_SELL_OFFER",
  "activeTradingPair": Immutable.Map {
    baseToken: "MKR",
    quoteToken: "DAI",
},
  "buyToken": "MKR",
  "canBuyOffer": false,
  "currentOfferTakeTransaction": undefined,
  "formErrors": Immutable.Map {
},
  "hasSufficientTokenAmount": false,
  "isCurrentOfferActive": true,
  "isCurrentTransactionValid": true,
  "isOfferTakeModalOpen": true,
  "latestBlockNumber": 6716998,
  "offerTakeFormValues": Immutable.Map {
    price: "111",
    volume: "0.0001",
    total: "0.0111",
},
  "sellToken": "W-ETH",
  "userBalances": Immutable.Map {
    DGD: "0",
    GUP: "0",
    W-ETH: "0",
    RHOC: "0",
    DAI: "10000000000000000",
    GNT: "0",
    TIME: "0",
    VSL: "0",
    MLN: "0",
    1ST: "0",
    NMR: "0",
    SNGLS: "0",
    ICN: "0",
    MKR: "0",
    BAT: "0",
    W-GNT: "0",
    PLU: "0",
    SAI: "0",
    REP: "0",
},
}
`;
