// Jest Snapshot v1, https://goo.gl/fbAQLP

exports[`(Container) OasisTrade should render 1`] = `
<div>
  Trade
  <OasisMarket />
  <OasisChart />
  <OasisTradeBuySell />
  <OasisTradeOrders />
</div>
`;

exports[`(Container) OasisTrade will receive right actions 1`] = `
Object {
  "actions": Object {},
}
`;

exports[`(Container) OasisTrade will receive right props 1`] = `Object {}`;
