// Jest Snapshot v1, https://goo.gl/fbAQLP

exports[`(Container) SetTokenAllowanceTrust should render 1`] = `
<div
  hidden={true}
>
  <InfoBox
    className=""
    color="default"
    fullWidth={true}
    justifyContent="space-between"
    size="md"
    vertical={false}
  >
    <InfoBoxBody
      className=""
      color="default"
      vertical={false}
    >
      <OasisAccordion
        heading={
          <FlexBox
            alignContent="space-between"
            alignItems="stretch"
            className=""
            justifyContent="normal"
            vertical={false}
            wrap={false}
          >
            <div>
              Enable
               
              <b>
                W-ETH
              </b>
               for trading
            </div>
            <div
              hidden={undefined}
            >
              <OasisButton
                btnType="button"
                color="success"
                onClick={[Function]}
                size="md"
              >
                Loading
              </OasisButton>
            </div>
          </FlexBox>
        }
        isOpen={true}
      >
        <div
          hidden={false}
          style={
            Object {
              "display": "flex",
            }
          }
        >
          <div>
            <OasisIcon
              icon="idle"
              size="md"
            />
          </div>
          <div>
            You need first grant access to withdraw from your personal account. To disable 
            W-ETH
             trading use Allowance widget on the funds page.
          </div>
        </div>
      </OasisAccordion>
    </InfoBoxBody>
  </InfoBox>
</div>
`;

exports[`(Container) SetTokenAllowanceTrust will receive right actions 1`] = `
Object {
  "actions": Object {
    "getDefaultAccountTokenAllowanceForAddress": [Function],
    "setTokenAllowanceTrustStatus": [Function],
  },
}
`;

exports[`(Container) SetTokenAllowanceTrust will receive right props 1`] = `
Object {
  "contractsLoaded": true,
  "latestBlockNumber": 6716998,
  "subjectTrustStatus": null,
}
`;
