// Jest Snapshot v1, https://goo.gl/fbAQLP

exports[`(Container) SetTokenAllowanceTrust should render 1`] = `
<InfoBox
  className=""
  color="default"
  justifyContent="space-between"
  size="md"
  vertical={false}
>
  <InfoBoxBody
    className=""
    color="default"
    vertical={false}
  >
    <h1 />
  </InfoBoxBody>
  <InfoBoxBody
    className=""
    color="default"
    vertical={false}
  >
    <OasisButton
      btnType="button"
      color="success"
      onClick={[Function]}
      size="md"
    >
      Loading
    </OasisButton>
  </InfoBoxBody>
</InfoBox>
`;

exports[`(Container) SetTokenAllowanceTrust will receive right actions 1`] = `
Object {
  "actions": Object {
    "getDefaultAccountTokenAllowanceForAddress": [Function],
    "setTokenAllowanceTrustStatus": [Function],
  },
}
`;

exports[`(Container) SetTokenAllowanceTrust will receive right props 1`] = `
Object {
  "contractsLoaded": true,
  "currentTransaction": [Function],
  "subjectTrustStatus": null,
}
`;
