// Jest Snapshot v1, https://goo.gl/fbAQLP

exports[`(Container) WrapUnwrapStatus should render 1`] = `""`;

exports[`(Container) WrapUnwrapStatus will receive right actions 1`] = `
Object {
  "actions": Object {},
}
`;

exports[`(Container) WrapUnwrapStatus will receive right props 1`] = `
Object {
  "activeTokenUnwrapStatus": null,
  "activeTokenWrapStatus": null,
}
`;
