// Jest Snapshot v1, https://goo.gl/fbAQLP

exports[`(Component) OasisTabs should render 1`] = `
<div
  className="OasisTabs"
>
  <div
    className="row-tabs"
  >
    <ul
      className="tabs"
    >
      <li>
        <NavLink
          activeClassName="active"
          ariaCurrent="true"
          to="/trade"
        >
          Trade
        </NavLink>
      </li>
      <li>
        <NavLink
          activeClassName="active"
          ariaCurrent="true"
          to="/wrap-unwrap"
        >
          Wrap / Unwrap
        </NavLink>
      </li>
      <li>
        <NavLink
          activeClassName="active"
          ariaCurrent="true"
          to="/transfer"
        >
          Transfer
        </NavLink>
      </li>
    </ul>
  </div>
</div>
`;
