// Jest Snapshot v1, https://goo.gl/fbAQLP

exports[`(Component) OasisMyOrders should render 1`] = `
<OasisWidgetFrame
  className=""
  heading="MY ORDERS"
  headingChildren={
    <OasisSelect
      className={undefined}
      onChange={[Function]}
      size="md"
      value="Open"
    >
      <option
        value="Open"
      >
        Open
      </option>
      <option
        value="Closed"
      >
        Closed
      </option>
    </OasisSelect>
  }
>
  <div>
    <div>
      You currently have no active offers
    </div>
  </div>
</OasisWidgetFrame>
`;
