// Jest Snapshot v1, https://goo.gl/fbAQLP

exports[`(Component) OasisDontWrapAllEther should render 1`] = `
<InfoBox
  alignItems="center"
  className=""
  color="danger"
  noBorder={true}
  size="md"
>
  <span>
    Do not wrap all of your 
    <b>
      ETH
    </b>
    !
  </span>
  <OasisIcon
    className=""
    icon="warning"
    size="md"
    title="Otherwise you will not be able to pay for transactions."
  />
</InfoBox>
`;
