// Jest Snapshot v1, https://goo.gl/fbAQLP

exports[`(Component) OasisChartVolume should render 1`] = `
<Line
  data={
    Object {
      "datasets": Array [
        Object {
          "backgroundColor": "rgba(140, 133, 200, 0.1)",
          "borderColor": "#8D86C9",
          "borderWidth": 3,
          "data": Array [
            "0.00",
            "0.00",
            "0.00",
            "0.00",
            "0.00",
            "0.00",
            "0.00",
          ],
          "label": "SUM(empty2)",
          "pointBackgroundColor": "#8D86C9",
          "pointRadius": 3,
        },
      ],
      "labels": Array [
        1525392000,
        1525478400,
        1525564800,
        1525651200,
        1525737600,
        1525824000,
        1525910400,
      ],
    }
  }
  height={180}
  options={
    Object {
      "layout": Object {
        "padding": 5,
      },
      "legend": Object {
        "display": false,
      },
      "scales": Object {
        "xAxes": Array [
          Object {
            "display": true,
            "ticks": Object {
              "callback": [Function],
            },
          },
        ],
        "yAxes": Array [
          Object {
            "scaleLabel": Object {
              "display": false,
              "labelString": "VOLUME",
            },
            "ticks": Object {
              "beginAtZero": true,
            },
          },
        ],
      },
      "tooltips": Object {
        "custom": [Function],
        "enabled": false,
        "mode": "index",
        "position": "nearest",
      },
    }
  }
/>
`;
