// Jest Snapshot v1, https://goo.gl/fbAQLP

exports[`(Component) OasisOfferNotAvailable should render 1`] = `
<InfoBox
  className=""
  color="danger"
  justifyContent="normal"
  size="md"
  vertical={false}
>
  <InfoBoxBody
    className=""
    color="default"
    vertical={false}
  >
    <div>
      Offer is not available anymore
    </div>
    <div>
      Will close shortly
    </div>
  </InfoBoxBody>
</InfoBox>
`;
