// Jest Snapshot v1, https://goo.gl/fbAQLP

exports[`(Component) OasisMyOrders should render 1`] = `
<OasisWidgetFrame
  heading="MY ORDERS"
>
  <div>
    <select
      onChange={[Function]}
      value="Open"
    >
      <option
        value="Open"
      >
        Open
      </option>
      <option
        value="Closed"
      >
        Closed
      </option>
    </select>
  </div>
  <div>
    <div>
      You currently have no active offers
    </div>
  </div>
</OasisWidgetFrame>
`;
