// Jest Snapshot v1, https://goo.gl/fbAQLP

exports[`(Component) OasisDontWrapAllEther should render 1`] = `
<InfoBox
  alignItems="center"
  className=""
  color="danger"
  size="md"
>
  <OasisIcon
    className=""
    icon="warning"
    size="lg"
    title="Otherwise you will not be able to pay for transactions."
  />
  <span>
    Do not wrap all of your 
    <b>
      ETH
    </b>
     !
  </span>
</InfoBox>
`;
