// Jest Snapshot v1, https://goo.gl/fbAQLP

exports[`(Component) OasisTabs should render 1`] = `
<div
  styleName="row-tabs"
>
  <ul
    styleName="Tabs"
  >
    <li
      styleName="Tab"
    >
      <NavLink
        activeClassName="active"
        ariaCurrent="true"
        to="/trade"
      >
        Trade
      </NavLink>
    </li>
    <li
      styleName="Tab Tab--2x"
    >
      <NavLink
        activeClassName="active"
        ariaCurrent="true"
        to="/wrap-unwrap"
      >
        Wrap / Unwrap
      </NavLink>
    </li>
    <li
      styleName="Tab"
    >
      <NavLink
        activeClassName="active"
        ariaCurrent="true"
        to="/transfer"
      >
        Transfer
      </NavLink>
    </li>
  </ul>
</div>
`;
