// Jest Snapshot v1, https://goo.gl/fbAQLP

exports[`(Component) OasisAccount should render 1`] = `
<div
  styleName="OasisAccount"
>
  <span>
     Account: 
  </span>
  <div
    styleName="AccountSelection"
  >
    <select />
    <span
      className="glyphicon glyphicon-chevron-down"
      styleName="glyphicon"
    />
  </div>
</div>
`;
