// Jest Snapshot v1, https://goo.gl/fbAQLP

exports[`(Component) OasisWrapUnwrapHistory should render 1`] = `
<OasisWidgetFrame
  className=""
  heading="History"
  isLoadingData={true}
  loadProgressSection={
    <OasisLoadingIndicator
      size="sm"
    />
  }
  loadingDataText="wrap & unwrap history"
>
  <div>
    <OasisTable
      col={
        Array [
          Object {
            "heading": "date",
            "template": [Function],
          },
          Object {
            "heading": "action",
            "key": "action",
          },
          Object {
            "heading": "coin",
            "key": "tokenName",
          },
          Object {
            "heading": "amount",
            "template": [Function],
          },
        ]
      }
      collapseEnabled={false}
      collapseInitial={false}
      collapseRowNumber={4}
      metadata={
        Object {
          "activeNetworkName": undefined,
        }
      }
      onRowClick={[Function]}
      rowHoverText=""
      rows={Array []}
    />
  </div>
</OasisWidgetFrame>
`;
