// Jest Snapshot v1, https://goo.gl/fbAQLP

exports[`(Component) OasisTable should render with example props 1`] = `
<div>
  <table
    className="undefined "
  >
    <thead>
      <tr>
        <th
          key="0"
        >
          Pair
        </th>
        <th
          key="1"
        >
          Price
        </th>
        <th
          key="2"
        >
          Weekly volume
        </th>
      </tr>
    </thead>
    <tbody>
      <tr
        className=""
        data-tradingpair="MKR / W-ETH"
        key="0"
        onClick={[Function]}
        title=""
      >
        <td
          key="0"
        >
          MKR / W-ETH
        </td>
        <td
          key="1"
        >
          N/A
        </td>
        <td
          key="2"
        >
          0.00
        </td>
      </tr>
      <tr
        className=""
        data-tradingpair="W-ETH / SAI"
        key="1"
        onClick={[Function]}
        title=""
      >
        <td
          key="0"
        >
          W-ETH / SAI
        </td>
        <td
          key="1"
        >
          0.52
        </td>
        <td
          key="2"
        >
          2.43
        </td>
      </tr>
      <tr
        className=""
        data-tradingpair="MKR / SAI"
        key="2"
        onClick={[Function]}
        title=""
      >
        <td
          key="0"
        >
          MKR / SAI
        </td>
        <td
          key="1"
        >
          1.12
        </td>
        <td
          key="2"
        >
          0.00
        </td>
      </tr>
    </tbody>
  </table>
</div>
`;
