// Jest Snapshot v1, https://goo.gl/fbAQLP

exports[`(Component) OasisOfferSummary should render 1`] = `
<div>
  <InfoBox
    className=""
    color="default"
    size="md"
  >
    <OasisSoldReceivedAmounts
      amountReceived="1"
      amountSold="1"
      buyToken="W-ETH"
      sellToken="MKR"
    />
    <div>
      <Connect(OasisIsTokenTradingEnabledByUser)
        tokenName="MKR"
      />
      <Connect(OasisGasPrice) />
    </div>
  </InfoBox>
</div>
`;
