// Jest Snapshot v1, https://goo.gl/fbAQLP

exports[`(Component) OasisChartVolume should render 1`] = `
<Line
  data={
    Object {
      "datasets": Array [
        Object {
          "backgroundColor": "rgba(140, 133, 200, 0.1)",
          "borderColor": "#8D86C9",
          "borderWidth": 3,
          "data": Array [
            "0.000000",
            "0.000000",
            "0.000000",
            "0.000000",
            "0.000000",
            "0.000000",
            "0.000000",
          ],
          "label": "Volume",
          "pointBackgroundColor": "#8D86C9",
          "pointRadius": 3,
        },
      ],
      "labels": Array [
        "2018-05-04",
        "2018-05-05",
        "2018-05-06",
        "2018-05-07",
        "2018-05-08",
        "2018-05-09",
        "2018-05-10",
      ],
    }
  }
  options={
    Object {
      "layout": Object {
        "padding": 5,
      },
      "legend": Object {
        "display": false,
      },
      "scales": Object {
        "xAxes": Array [
          Object {
            "display": false,
          },
        ],
        "yAxes": Array [
          Object {
            "ticks": Object {
              "beginAtZero": true,
            },
          },
        ],
      },
      "tooltips": Object {
        "enabled": false,
      },
    }
  }
/>
`;
