// Jest Snapshot v1, https://goo.gl/fbAQLP

exports[`(Component) OasisMarketHistory should render 1`] = `
<OasisWidgetFrame
  heading="MARKET HISTORY"
>
  <OasisTable
    col={
      Array [
        Object {
          "heading": "date",
          "key": "date",
        },
        Object {
          "heading": "action",
          "key": "tradeType",
        },
        Object {
          "heading": "price",
          "key": "price",
        },
        Object {
          "heading": "W-ETH",
          "key": "quotePrice",
        },
        Object {
          "heading": "MKR",
          "key": "basePrice",
        },
      ]
    }
    rows={Array []}
  />
</OasisWidgetFrame>
`;
