// Jest Snapshot v1, https://goo.gl/fbAQLP

exports[`(Component) OasisOfferNotAvailable should render 1`] = `
<InfoBox
  className=""
  color="danger"
  justifyContent="normal"
  size="md"
  vertical={false}
>
  <InfoBoxBody
    className=""
    color="default"
    vertical={false}
  >
    <div>
      <OasisIcon
        icon="failed"
        size="md"
      />
    </div>
    <div>
      This order is 
      <b>
        not available anymore
      </b>
    </div>
  </InfoBoxBody>
</InfoBox>
`;
