// Jest Snapshot v1, https://goo.gl/fbAQLP

exports[`(Component) OasisMarketHistory should render 1`] = `
<OasisWidgetFrame
  className=""
  heading="MARKET HISTORY (0)"
>
  <OasisTable
    col={
      Array [
        Object {
          "heading": "date",
          "key": "date",
        },
        Object {
          "heading": "action",
          "key": "tradeType",
        },
        Object {
          "heading": "price",
          "key": "price",
        },
        Object {
          "heading": "W-ETH",
          "key": "quoteAmount",
        },
        Object {
          "heading": "MKR",
          "key": "baseAmount",
        },
      ]
    }
    collapseEnabled={false}
    collapseInitial={false}
    collapseRowNumber={4}
    metadata={
      Object {
        "activeNetworkName": undefined,
      }
    }
    onRowClick={[Function]}
    rows={Array []}
  />
</OasisWidgetFrame>
`;
