// Jest Snapshot v1, https://goo.gl/fbAQLP

exports[`(Component) OasisLoadingIndicator should render 1`] = `
<span
  style={
    Object {
      "display": "inline-block",
      "marginLeft": 0,
      "marginRight": 0,
    }
  }
>
  <OasisIcon
    className=""
    icon="loading"
    size="sm"
  />
</span>
`;
