// Jest Snapshot v1, https://goo.gl/fbAQLP

exports[`(Component) OasisDontWrapAllEther should render 1`] = `
<InfoBox
  className=""
  color="danger"
  size="md"
>
  <div
    style={
      Object {
        "width": "100%",
      }
    }
  >
    <span
      style={
        Object {
          "textDecoration": "underline",
        }
      }
    >
      Do not wrap all
    </span>
     of your 
    <b>
      ETH
    </b>
    ! 
    <br />
    <div>
      Otherwise you will not be able to pay for transactions.
    </div>
  </div>
</InfoBox>
`;
