// Jest Snapshot v1, https://goo.gl/fbAQLP

exports[`(Component) OasisAccordion should render 1`] = `
<div>
  <FlexBox
    alignContent="stretch"
    alignItems="stretch"
    className=""
    justifyContent="space-between"
    vertical={false}
    wrap={false}
  >
    <OasisIcon
      icon="arrowDown"
      onClick={[Function]}
      size="md"
    />
    <div>
      <div>
        This this a heading!
      </div>
    </div>
  </FlexBox>
  <div />
</div>
`;
