// Jest Snapshot v1, https://goo.gl/fbAQLP

exports[`(Component) OasisTestingWarningMessage should render 1`] = `
<OasisMessage
  dismissible={false}
  heading="Warning!"
  type="MSGTYPE_WARNING"
>
  <div>
    <ul>
      <li>
        <span
          styleName="Circle Circle--Red"
        >
          <span
            styleName="FilledCircle"
          />
        </span>
        <span
          styleName="Text"
        >
          <div>
            OasisDex UI has been shut down. Only order canceling is enabled. Read more 
            <a
              href=""
            >
              here [add link!].
            </a>
          </div>
        </span>
      </li>
      <li>
        <span
          styleName="Circle Circle--Red"
        >
          <span
            styleName="FilledCircle"
          />
        </span>
        <span
          styleName="Text"
        >
          <div>
            New UI is 
            <a
              href="https://eth2dai.com/"
            >
              here
            </a>
          </div>
        </span>
      </li>
      <li>
        <span
          styleName="Circle Circle--Red"
        >
          <span
            styleName="FilledCircle"
          />
        </span>
        <span
          styleName="Text"
        >
          Old contract is still 
          <a
            href="https://old.oasisdex.com"
          >
            available
          </a>
          . Read more 
          <a
            href="https://en.reddit.com/r/MakerDAO/comments/9z7h2x/an_announcement_from_the_oasis_team/"
          >
            here.
          </a>
        </span>
      </li>
    </ul>
  </div>
</OasisMessage>
`;
