// Jest Snapshot v1, https://goo.gl/fbAQLP

exports[`(Component) OasisChart should render 1`] = `
<OasisWidgetFrame
  className=""
  heading="Charts"
>
  <select
    onChange={[Function]}
    value="PRICE"
  >
    <option
      key="PRICE"
    >
      PRICE
    </option>
    <option
      key="VOLUME"
    >
      VOLUME
    </option>
    <option
      key="DEPTH"
    >
      DEPTH
    </option>
  </select>
  <div>
    <Connect(OasisChartPrice)
      tradingPair={
        Object {
          "baseToken": "MKR",
          "quoteToken": "DAI",
        }
      }
    />
  </div>
</OasisWidgetFrame>
`;
