// Jest Snapshot v1, https://goo.gl/fbAQLP

exports[`(Component) TokenAmountInput should render 1`] = `
<div>
  <div
    style={
      Object {
        "display": "flex",
      }
    }
  >
    <input
      style={
        Object {
          "textAlign": "right",
          "width": "100%",
        }
      }
    />
    <span
      style={
        Object {
          "backgroundColor": "#fff",
          "borderColor": "ligghtgray",
          "display": "inline-block",
          "padding": "4px",
        }
      }
    >
      MKR
    </span>
  </div>
  <div />
</div>
`;
