// Jest Snapshot v1, https://goo.gl/fbAQLP

exports[`depthChartLabels 1`] = `
Array [
  1.25,
  1.26,
  1.27,
  1.28,
]
`;

exports[`depthChartTooltips 1`] = `
Object {
  "buy": Array [
    Object {
      "base": "1,900.00",
      "quote": "2,300.00",
    },
    Object {
      "base": "1,000.00",
      "quote": "1,200.00",
    },
    Object {
      "base": "1,000.00",
      "quote": "1,200.00",
    },
    Object {
      "base": "0.00",
      "quote": "0.00",
    },
  ],
  "sell": Array [
    Object {
      "base": "0.00",
      "quote": "0.00",
    },
    Object {
      "base": "250.00",
      "quote": "300.00",
    },
    Object {
      "base": "250.00",
      "quote": "300.00",
    },
    Object {
      "base": "450.00",
      "quote": "550.00",
    },
  ],
}
`;

exports[`depthChartValues 1`] = `
Object {
  "buy": Array [
    Object {
      "x": 1.25,
      "y": "2300.000",
    },
    Object {
      "x": 1.26,
      "y": "1200.000",
    },
    Object {
      "x": 1.27,
      "y": "1200.000",
    },
    Object {
      "x": 1.28,
      "y": null,
    },
  ],
  "sell": Array [
    Object {
      "x": 1.25,
      "y": null,
    },
    Object {
      "x": 1.26,
      "y": "300.000",
    },
    Object {
      "x": 1.27,
      "y": "300.000",
    },
    Object {
      "x": 1.28,
      "y": "550.000",
    },
  ],
}
`;

exports[`priceChartLabels 1`] = `
Array [
  1526465640,
  1526458440,
  1526026440,
  1525940040,
]
`;

exports[`priceChartValues 1`] = `
Array [
  "2.0000",
  "1.2500",
  "2.5000",
  "2.5000",
]
`;

exports[`volumeChartLabels 1`] = `
Array [
  1525910400,
  1525996800,
  1526083200,
  1526169600,
  1526256000,
  1526342400,
  1526428800,
]
`;

exports[`volumeChartTooltips 1`] = `
Object {
  "base": Array [
    "200.00",
    "200.00",
    "0.00",
    "0.00",
    "0.00",
    "0.00",
    "900.00",
  ],
  "quote": Array [
    "500.00",
    "500.00",
    "0.00",
    "0.00",
    "0.00",
    "0.00",
    "1,200.00",
  ],
}
`;

exports[`volumeChartValues 1`] = `
Array [
  "500.00",
  "500.00",
  "0.00",
  "0.00",
  "0.00",
  "0.00",
  "1200.00",
]
`;
